<!doctype html public "-//w3c//dtd html 4.0 transitional//en">
<html><head>
<title>Static Call Graph - [.\Objects\Blinky.axf]</title></head>
<body><HR>
<H1>Static Call Graph for image .\Objects\Blinky.axf</H1><HR>
<BR><P>#&#060CALLGRAPH&#062# ARM Linker, 6190004: Last Updated: Tue Apr  9 12:08:56 2024
<BR><P>
<H3>Maximum Stack Usage =        108 bytes + Unknown(Cycles, Untraceable Function Pointers)</H3><H3>
Call chain for Maximum Stack Depth:</H3>
main &rArr; EPWM_Init_Config &rArr; GPIO_Init
<P>
<H3>
Mutually Recursive functions
</H3> <LI><a href="#[1]">NMI_Handler</a>&nbsp;&nbsp;&nbsp;&rArr;&nbsp;&nbsp;&nbsp;<a href="#[1]">NMI_Handler</a><BR>
 <LI><a href="#[3]">SVC_Handler</a>&nbsp;&nbsp;&nbsp;&rArr;&nbsp;&nbsp;&nbsp;<a href="#[3]">SVC_Handler</a><BR>
 <LI><a href="#[4]">PendSV_Handler</a>&nbsp;&nbsp;&nbsp;&rArr;&nbsp;&nbsp;&nbsp;<a href="#[4]">PendSV_Handler</a><BR>
 <LI><a href="#[18]">Reserved_IRQHandler</a>&nbsp;&nbsp;&nbsp;&rArr;&nbsp;&nbsp;&nbsp;<a href="#[18]">Reserved_IRQHandler</a><BR>
 <LI><a href="#[d]">ACMP_IRQHandler</a>&nbsp;&nbsp;&nbsp;&rArr;&nbsp;&nbsp;&nbsp;<a href="#[d]">ACMP_IRQHandler</a><BR>
</UL>
<P>
<H3>
Function Pointers
</H3><UL>
 <LI><a href="#[d]">ACMP_IRQHandler</a> from startup_cms32m67xx.o(.text) referenced from startup_cms32m67xx.o(RESET)
 <LI><a href="#[e]">ADC_IRQHandler</a> from startup_cms32m67xx.o(.text) referenced from startup_cms32m67xx.o(RESET)
 <LI><a href="#[c]">CCP_IRQHandler</a> from ym_ccp.o(.text.CCP_IRQHandler) referenced from startup_cms32m67xx.o(RESET)
 <LI><a href="#[13]">EPWM_IRQHandler</a> from startup_cms32m67xx.o(.text) referenced from startup_cms32m67xx.o(RESET)
 <LI><a href="#[1d]">FMC_IRQHandler</a> from startup_cms32m67xx.o(.text) referenced from startup_cms32m67xx.o(RESET)
 <LI><a href="#[16]">HALL_IRQHandler</a> from startup_cms32m67xx.o(.text) referenced from startup_cms32m67xx.o(RESET)
 <LI><a href="#[2]">HardFault_Handler</a> from system_cms32m67xx.o(.text.HardFault_Handler) referenced from startup_cms32m67xx.o(RESET)
 <LI><a href="#[10]">I2C0_IRQHandler</a> from startup_cms32m67xx.o(.text) referenced from startup_cms32m67xx.o(RESET)
 <LI><a href="#[7]">INTP0_IRQHandler</a> from startup_cms32m67xx.o(.text) referenced from startup_cms32m67xx.o(RESET)
 <LI><a href="#[8]">INTP1_IRQHandler</a> from startup_cms32m67xx.o(.text) referenced from startup_cms32m67xx.o(RESET)
 <LI><a href="#[9]">INTP2_IRQHandler</a> from startup_cms32m67xx.o(.text) referenced from startup_cms32m67xx.o(RESET)
 <LI><a href="#[a]">INTP3_IRQHandler</a> from startup_cms32m67xx.o(.text) referenced from startup_cms32m67xx.o(RESET)
 <LI><a href="#[17]">LSITIMER_IRQHandler</a> from startup_cms32m67xx.o(.text) referenced from startup_cms32m67xx.o(RESET)
 <LI><a href="#[6]">LVI_IRQHandler</a> from system_cms32m67xx.o(.text.LVI_IRQHandler) referenced from startup_cms32m67xx.o(RESET)
 <LI><a href="#[1]">NMI_Handler</a> from startup_cms32m67xx.o(.text) referenced from startup_cms32m67xx.o(RESET)
 <LI><a href="#[4]">PendSV_Handler</a> from startup_cms32m67xx.o(.text) referenced from startup_cms32m67xx.o(RESET)
 <LI><a href="#[18]">Reserved_IRQHandler</a> from startup_cms32m67xx.o(.text) referenced 9 times from startup_cms32m67xx.o(RESET)
 <LI><a href="#[0]">Reset_Handler</a> from startup_cms32m67xx.o(.text) referenced from startup_cms32m67xx.o(RESET)
 <LI><a href="#[f]">SSP0_IRQHandler</a> from startup_cms32m67xx.o(.text) referenced from startup_cms32m67xx.o(RESET)
 <LI><a href="#[3]">SVC_Handler</a> from startup_cms32m67xx.o(.text) referenced from startup_cms32m67xx.o(RESET)
 <LI><a href="#[5]">SysTick_Handler</a> from bsp_systick.o(.text.SysTick_Handler) referenced from startup_cms32m67xx.o(RESET)
 <LI><a href="#[1f]">SystemInit</a> from system_cms32m67xx.o(.text.SystemInit) referenced from startup_cms32m67xx.o(.text)
 <LI><a href="#[14]">TIMER0_IRQHandler</a> from ym_timer.o(.text.TIMER0_IRQHandler) referenced from startup_cms32m67xx.o(RESET)
 <LI><a href="#[15]">TIMER1_IRQHandler</a> from startup_cms32m67xx.o(.text) referenced from startup_cms32m67xx.o(RESET)
 <LI><a href="#[19]">TM00_IRQHandler</a> from startup_cms32m67xx.o(.text) referenced from startup_cms32m67xx.o(RESET)
 <LI><a href="#[b]">TM01H_IRQHandler</a> from startup_cms32m67xx.o(.text) referenced from startup_cms32m67xx.o(RESET)
 <LI><a href="#[1a]">TM01_IRQHandler</a> from startup_cms32m67xx.o(.text) referenced from startup_cms32m67xx.o(RESET)
 <LI><a href="#[1b]">TM02_IRQHandler</a> from startup_cms32m67xx.o(.text) referenced from startup_cms32m67xx.o(RESET)
 <LI><a href="#[1c]">TM03_IRQHandler</a> from startup_cms32m67xx.o(.text) referenced from startup_cms32m67xx.o(RESET)
 <LI><a href="#[11]">UART0_IRQHandler</a> from startup_cms32m67xx.o(.text) referenced from startup_cms32m67xx.o(RESET)
 <LI><a href="#[12]">UART1_IRQHandler</a> from startup_cms32m67xx.o(.text) referenced from startup_cms32m67xx.o(RESET)
 <LI><a href="#[20]">__main</a> from entry.o(.ARM.Collect$$$$00000000) referenced from startup_cms32m67xx.o(.text)
 <LI><a href="#[1e]">main</a> from main.o(.text.main) referenced from entry9a.o(.ARM.Collect$$$$0000000B)
</UL>
<P>
<H3>
Global Symbols
</H3>
<P><STRONG><a name="[20]"></a>__main</STRONG> (Thumb, 0 bytes, Stack size unknown bytes, entry.o(.ARM.Collect$$$$00000000))
<BR>[Address Reference Count : 1]<UL><LI> startup_cms32m67xx.o(.text)
</UL>
<P><STRONG><a name="[56]"></a>_main_stk</STRONG> (Thumb, 0 bytes, Stack size unknown bytes, entry2.o(.ARM.Collect$$$$00000001))

<P><STRONG><a name="[21]"></a>_main_scatterload</STRONG> (Thumb, 0 bytes, Stack size unknown bytes, entry5.o(.ARM.Collect$$$$00000004))
<BR><BR>[Calls]<UL><LI><a href="#[22]">&gt;&gt;</a>&nbsp;&nbsp;&nbsp;__scatterload
</UL>

<P><STRONG><a name="[23]"></a>__main_after_scatterload</STRONG> (Thumb, 0 bytes, Stack size unknown bytes, entry5.o(.ARM.Collect$$$$00000004))
<BR><BR>[Called By]<UL><LI><a href="#[22]">&gt;&gt;</a>&nbsp;&nbsp;&nbsp;__scatterload
</UL>

<P><STRONG><a name="[57]"></a>_main_clock</STRONG> (Thumb, 0 bytes, Stack size unknown bytes, entry7b.o(.ARM.Collect$$$$00000008))

<P><STRONG><a name="[58]"></a>_main_cpp_init</STRONG> (Thumb, 0 bytes, Stack size unknown bytes, entry8b.o(.ARM.Collect$$$$0000000A))

<P><STRONG><a name="[59]"></a>_main_init</STRONG> (Thumb, 0 bytes, Stack size unknown bytes, entry9a.o(.ARM.Collect$$$$0000000B))

<P><STRONG><a name="[5a]"></a>__rt_final_cpp</STRONG> (Thumb, 0 bytes, Stack size unknown bytes, entry10a.o(.ARM.Collect$$$$0000000D))

<P><STRONG><a name="[5b]"></a>__rt_final_exit</STRONG> (Thumb, 0 bytes, Stack size unknown bytes, entry11a.o(.ARM.Collect$$$$0000000F))

<P><STRONG><a name="[0]"></a>Reset_Handler</STRONG> (Thumb, 8 bytes, Stack size 0 bytes, startup_cms32m67xx.o(.text))
<BR>[Address Reference Count : 1]<UL><LI> startup_cms32m67xx.o(RESET)
</UL>
<P><STRONG><a name="[1]"></a>NMI_Handler</STRONG> (Thumb, 2 bytes, Stack size 0 bytes, startup_cms32m67xx.o(.text))
<BR><BR>[Calls]<UL><LI><a href="#[1]">&gt;&gt;</a>&nbsp;&nbsp;&nbsp;NMI_Handler
</UL>
<BR>[Called By]<UL><LI><a href="#[1]">&gt;&gt;</a>&nbsp;&nbsp;&nbsp;NMI_Handler
</UL>
<BR>[Address Reference Count : 1]<UL><LI> startup_cms32m67xx.o(RESET)
</UL>
<P><STRONG><a name="[3]"></a>SVC_Handler</STRONG> (Thumb, 2 bytes, Stack size 0 bytes, startup_cms32m67xx.o(.text))
<BR><BR>[Calls]<UL><LI><a href="#[3]">&gt;&gt;</a>&nbsp;&nbsp;&nbsp;SVC_Handler
</UL>
<BR>[Called By]<UL><LI><a href="#[3]">&gt;&gt;</a>&nbsp;&nbsp;&nbsp;SVC_Handler
</UL>
<BR>[Address Reference Count : 1]<UL><LI> startup_cms32m67xx.o(RESET)
</UL>
<P><STRONG><a name="[4]"></a>PendSV_Handler</STRONG> (Thumb, 2 bytes, Stack size 0 bytes, startup_cms32m67xx.o(.text))
<BR><BR>[Calls]<UL><LI><a href="#[4]">&gt;&gt;</a>&nbsp;&nbsp;&nbsp;PendSV_Handler
</UL>
<BR>[Called By]<UL><LI><a href="#[4]">&gt;&gt;</a>&nbsp;&nbsp;&nbsp;PendSV_Handler
</UL>
<BR>[Address Reference Count : 1]<UL><LI> startup_cms32m67xx.o(RESET)
</UL>
<P><STRONG><a name="[18]"></a>Reserved_IRQHandler</STRONG> (Thumb, 2 bytes, Stack size 0 bytes, startup_cms32m67xx.o(.text))
<BR><BR>[Calls]<UL><LI><a href="#[18]">&gt;&gt;</a>&nbsp;&nbsp;&nbsp;Reserved_IRQHandler
</UL>
<BR>[Called By]<UL><LI><a href="#[18]">&gt;&gt;</a>&nbsp;&nbsp;&nbsp;Reserved_IRQHandler
</UL>
<BR>[Address Reference Count : 1]<UL><LI> startup_cms32m67xx.o(RESET)
</UL>
<P><STRONG><a name="[d]"></a>ACMP_IRQHandler</STRONG> (Thumb, 0 bytes, Stack size 0 bytes, startup_cms32m67xx.o(.text))
<BR><BR>[Calls]<UL><LI><a href="#[d]">&gt;&gt;</a>&nbsp;&nbsp;&nbsp;ACMP_IRQHandler
</UL>
<BR>[Called By]<UL><LI><a href="#[d]">&gt;&gt;</a>&nbsp;&nbsp;&nbsp;ACMP_IRQHandler
</UL>
<BR>[Address Reference Count : 1]<UL><LI> startup_cms32m67xx.o(RESET)
</UL>
<P><STRONG><a name="[e]"></a>ADC_IRQHandler</STRONG> (Thumb, 0 bytes, Stack size 0 bytes, startup_cms32m67xx.o(.text))
<BR>[Address Reference Count : 1]<UL><LI> startup_cms32m67xx.o(RESET)
</UL>
<P><STRONG><a name="[13]"></a>EPWM_IRQHandler</STRONG> (Thumb, 0 bytes, Stack size 0 bytes, startup_cms32m67xx.o(.text))
<BR>[Address Reference Count : 1]<UL><LI> startup_cms32m67xx.o(RESET)
</UL>
<P><STRONG><a name="[1d]"></a>FMC_IRQHandler</STRONG> (Thumb, 0 bytes, Stack size 0 bytes, startup_cms32m67xx.o(.text))
<BR>[Address Reference Count : 1]<UL><LI> startup_cms32m67xx.o(RESET)
</UL>
<P><STRONG><a name="[16]"></a>HALL_IRQHandler</STRONG> (Thumb, 0 bytes, Stack size 0 bytes, startup_cms32m67xx.o(.text))
<BR>[Address Reference Count : 1]<UL><LI> startup_cms32m67xx.o(RESET)
</UL>
<P><STRONG><a name="[10]"></a>I2C0_IRQHandler</STRONG> (Thumb, 0 bytes, Stack size 0 bytes, startup_cms32m67xx.o(.text))
<BR>[Address Reference Count : 1]<UL><LI> startup_cms32m67xx.o(RESET)
</UL>
<P><STRONG><a name="[7]"></a>INTP0_IRQHandler</STRONG> (Thumb, 0 bytes, Stack size 0 bytes, startup_cms32m67xx.o(.text))
<BR>[Address Reference Count : 1]<UL><LI> startup_cms32m67xx.o(RESET)
</UL>
<P><STRONG><a name="[8]"></a>INTP1_IRQHandler</STRONG> (Thumb, 0 bytes, Stack size 0 bytes, startup_cms32m67xx.o(.text))
<BR>[Address Reference Count : 1]<UL><LI> startup_cms32m67xx.o(RESET)
</UL>
<P><STRONG><a name="[9]"></a>INTP2_IRQHandler</STRONG> (Thumb, 0 bytes, Stack size 0 bytes, startup_cms32m67xx.o(.text))
<BR>[Address Reference Count : 1]<UL><LI> startup_cms32m67xx.o(RESET)
</UL>
<P><STRONG><a name="[a]"></a>INTP3_IRQHandler</STRONG> (Thumb, 0 bytes, Stack size 0 bytes, startup_cms32m67xx.o(.text))
<BR>[Address Reference Count : 1]<UL><LI> startup_cms32m67xx.o(RESET)
</UL>
<P><STRONG><a name="[17]"></a>LSITIMER_IRQHandler</STRONG> (Thumb, 0 bytes, Stack size 0 bytes, startup_cms32m67xx.o(.text))
<BR>[Address Reference Count : 1]<UL><LI> startup_cms32m67xx.o(RESET)
</UL>
<P><STRONG><a name="[f]"></a>SSP0_IRQHandler</STRONG> (Thumb, 0 bytes, Stack size 0 bytes, startup_cms32m67xx.o(.text))
<BR>[Address Reference Count : 1]<UL><LI> startup_cms32m67xx.o(RESET)
</UL>
<P><STRONG><a name="[15]"></a>TIMER1_IRQHandler</STRONG> (Thumb, 0 bytes, Stack size 0 bytes, startup_cms32m67xx.o(.text))
<BR>[Address Reference Count : 1]<UL><LI> startup_cms32m67xx.o(RESET)
</UL>
<P><STRONG><a name="[19]"></a>TM00_IRQHandler</STRONG> (Thumb, 0 bytes, Stack size 0 bytes, startup_cms32m67xx.o(.text))
<BR>[Address Reference Count : 1]<UL><LI> startup_cms32m67xx.o(RESET)
</UL>
<P><STRONG><a name="[b]"></a>TM01H_IRQHandler</STRONG> (Thumb, 0 bytes, Stack size 0 bytes, startup_cms32m67xx.o(.text))
<BR>[Address Reference Count : 1]<UL><LI> startup_cms32m67xx.o(RESET)
</UL>
<P><STRONG><a name="[1a]"></a>TM01_IRQHandler</STRONG> (Thumb, 0 bytes, Stack size 0 bytes, startup_cms32m67xx.o(.text))
<BR>[Address Reference Count : 1]<UL><LI> startup_cms32m67xx.o(RESET)
</UL>
<P><STRONG><a name="[1b]"></a>TM02_IRQHandler</STRONG> (Thumb, 0 bytes, Stack size 0 bytes, startup_cms32m67xx.o(.text))
<BR>[Address Reference Count : 1]<UL><LI> startup_cms32m67xx.o(RESET)
</UL>
<P><STRONG><a name="[1c]"></a>TM03_IRQHandler</STRONG> (Thumb, 0 bytes, Stack size 0 bytes, startup_cms32m67xx.o(.text))
<BR>[Address Reference Count : 1]<UL><LI> startup_cms32m67xx.o(RESET)
</UL>
<P><STRONG><a name="[11]"></a>UART0_IRQHandler</STRONG> (Thumb, 0 bytes, Stack size 0 bytes, startup_cms32m67xx.o(.text))
<BR>[Address Reference Count : 1]<UL><LI> startup_cms32m67xx.o(RESET)
</UL>
<P><STRONG><a name="[12]"></a>UART1_IRQHandler</STRONG> (Thumb, 0 bytes, Stack size 0 bytes, startup_cms32m67xx.o(.text))
<BR>[Address Reference Count : 1]<UL><LI> startup_cms32m67xx.o(RESET)
</UL>
<P><STRONG><a name="[22]"></a>__scatterload</STRONG> (Thumb, 28 bytes, Stack size 0 bytes, init.o(.text))
<BR><BR>[Calls]<UL><LI><a href="#[23]">&gt;&gt;</a>&nbsp;&nbsp;&nbsp;__main_after_scatterload
</UL>
<BR>[Called By]<UL><LI><a href="#[21]">&gt;&gt;</a>&nbsp;&nbsp;&nbsp;_main_scatterload
</UL>

<P><STRONG><a name="[5c]"></a>__scatterload_rt2</STRONG> (Thumb, 0 bytes, Stack size 0 bytes, init.o(.text), UNUSED)

<P><STRONG><a name="[25]"></a>CCP_ClearCompareIntFlag</STRONG> (Thumb, 24 bytes, Stack size 4 bytes, ccp.o(.text.CCP_ClearCompareIntFlag))
<BR><BR>[Stack]<UL><LI>Max Depth = 4<LI>Call Chain = CCP_ClearCompareIntFlag
</UL>
<BR>[Called By]<UL><LI><a href="#[c]">&gt;&gt;</a>&nbsp;&nbsp;&nbsp;CCP_IRQHandler
</UL>

<P><STRONG><a name="[2b]"></a>CCP_ConfigCLK</STRONG> (Thumb, 108 bytes, Stack size 16 bytes, ccp.o(.text.CCP_ConfigCLK))
<BR><BR>[Stack]<UL><LI>Max Depth = 16<LI>Call Chain = CCP_ConfigCLK
</UL>
<BR>[Called By]<UL><LI><a href="#[28]">&gt;&gt;</a>&nbsp;&nbsp;&nbsp;CCP_Init_Config
</UL>

<P><STRONG><a name="[2d]"></a>CCP_ConfigCompare</STRONG> (Thumb, 156 bytes, Stack size 16 bytes, ccp.o(.text.CCP_ConfigCompare))
<BR><BR>[Stack]<UL><LI>Max Depth = 16<LI>Call Chain = CCP_ConfigCompare
</UL>
<BR>[Called By]<UL><LI><a href="#[28]">&gt;&gt;</a>&nbsp;&nbsp;&nbsp;CCP_Init_Config
</UL>

<P><STRONG><a name="[27]"></a>CCP_DisableRun</STRONG> (Thumb, 32 bytes, Stack size 4 bytes, ccp.o(.text.CCP_DisableRun))
<BR><BR>[Stack]<UL><LI>Max Depth = 4<LI>Call Chain = CCP_DisableRun
</UL>
<BR>[Called By]<UL><LI><a href="#[c]">&gt;&gt;</a>&nbsp;&nbsp;&nbsp;CCP_IRQHandler
</UL>

<P><STRONG><a name="[2e]"></a>CCP_EnableCompareInt</STRONG> (Thumb, 32 bytes, Stack size 4 bytes, ccp.o(.text.CCP_EnableCompareInt))
<BR><BR>[Stack]<UL><LI>Max Depth = 4<LI>Call Chain = CCP_EnableCompareInt
</UL>
<BR>[Called By]<UL><LI><a href="#[28]">&gt;&gt;</a>&nbsp;&nbsp;&nbsp;CCP_Init_Config
</UL>

<P><STRONG><a name="[2a]"></a>CCP_EnablePWMMode</STRONG> (Thumb, 60 bytes, Stack size 4 bytes, ccp.o(.text.CCP_EnablePWMMode))
<BR><BR>[Stack]<UL><LI>Max Depth = 4<LI>Call Chain = CCP_EnablePWMMode
</UL>
<BR>[Called By]<UL><LI><a href="#[28]">&gt;&gt;</a>&nbsp;&nbsp;&nbsp;CCP_Init_Config
</UL>

<P><STRONG><a name="[2c]"></a>CCP_EnableReverseOutput</STRONG> (Thumb, 132 bytes, Stack size 8 bytes, ccp.o(.text.CCP_EnableReverseOutput))
<BR><BR>[Stack]<UL><LI>Max Depth = 8<LI>Call Chain = CCP_EnableReverseOutput
</UL>
<BR>[Called By]<UL><LI><a href="#[28]">&gt;&gt;</a>&nbsp;&nbsp;&nbsp;CCP_Init_Config
</UL>

<P><STRONG><a name="[31]"></a>CCP_EnableRun</STRONG> (Thumb, 32 bytes, Stack size 4 bytes, ccp.o(.text.CCP_EnableRun))
<BR><BR>[Stack]<UL><LI>Max Depth = 4<LI>Call Chain = CCP_EnableRun
</UL>
<BR>[Called By]<UL><LI><a href="#[47]">&gt;&gt;</a>&nbsp;&nbsp;&nbsp;RGB_GetColorBuffPoint
<LI><a href="#[28]">&gt;&gt;</a>&nbsp;&nbsp;&nbsp;CCP_Init_Config
</UL>

<P><STRONG><a name="[24]"></a>CCP_GetCompareIntFlag</STRONG> (Thumb, 20 bytes, Stack size 4 bytes, ccp.o(.text.CCP_GetCompareIntFlag))
<BR><BR>[Stack]<UL><LI>Max Depth = 4<LI>Call Chain = CCP_GetCompareIntFlag
</UL>
<BR>[Called By]<UL><LI><a href="#[c]">&gt;&gt;</a>&nbsp;&nbsp;&nbsp;CCP_IRQHandler
</UL>

<P><STRONG><a name="[c]"></a>CCP_IRQHandler</STRONG> (Thumb, 208 bytes, Stack size 16 bytes, ym_ccp.o(.text.CCP_IRQHandler))
<BR><BR>[Stack]<UL><LI>Max Depth = 20<LI>Call Chain = CCP_IRQHandler &rArr; CCP_DisableRun
</UL>
<BR>[Calls]<UL><LI><a href="#[27]">&gt;&gt;</a>&nbsp;&nbsp;&nbsp;CCP_DisableRun
<LI><a href="#[26]">&gt;&gt;</a>&nbsp;&nbsp;&nbsp;CCP_Stop
<LI><a href="#[25]">&gt;&gt;</a>&nbsp;&nbsp;&nbsp;CCP_ClearCompareIntFlag
<LI><a href="#[24]">&gt;&gt;</a>&nbsp;&nbsp;&nbsp;CCP_GetCompareIntFlag
</UL>
<BR>[Address Reference Count : 1]<UL><LI> startup_cms32m67xx.o(RESET)
</UL>
<P><STRONG><a name="[28]"></a>CCP_Init_Config</STRONG> (Thumb, 112 bytes, Stack size 24 bytes, ym_ccp.o(.text.CCP_Init_Config))
<BR><BR>[Stack]<UL><LI>Max Depth = 48<LI>Call Chain = CCP_Init_Config &rArr; __NVIC_SetPriority
</UL>
<BR>[Calls]<UL><LI><a href="#[32]">&gt;&gt;</a>&nbsp;&nbsp;&nbsp;CCP_Start
<LI><a href="#[31]">&gt;&gt;</a>&nbsp;&nbsp;&nbsp;CCP_EnableRun
<LI><a href="#[2e]">&gt;&gt;</a>&nbsp;&nbsp;&nbsp;CCP_EnableCompareInt
<LI><a href="#[2d]">&gt;&gt;</a>&nbsp;&nbsp;&nbsp;CCP_ConfigCompare
<LI><a href="#[2c]">&gt;&gt;</a>&nbsp;&nbsp;&nbsp;CCP_EnableReverseOutput
<LI><a href="#[2b]">&gt;&gt;</a>&nbsp;&nbsp;&nbsp;CCP_ConfigCLK
<LI><a href="#[2a]">&gt;&gt;</a>&nbsp;&nbsp;&nbsp;CCP_EnablePWMMode
<LI><a href="#[29]">&gt;&gt;</a>&nbsp;&nbsp;&nbsp;CGC_PER11PeriphClockCmd
<LI><a href="#[30]">&gt;&gt;</a>&nbsp;&nbsp;&nbsp;__NVIC_EnableIRQ
<LI><a href="#[2f]">&gt;&gt;</a>&nbsp;&nbsp;&nbsp;__NVIC_SetPriority
</UL>
<BR>[Called By]<UL><LI><a href="#[1e]">&gt;&gt;</a>&nbsp;&nbsp;&nbsp;main
</UL>

<P><STRONG><a name="[32]"></a>CCP_Start</STRONG> (Thumb, 60 bytes, Stack size 4 bytes, ccp.o(.text.CCP_Start))
<BR><BR>[Stack]<UL><LI>Max Depth = 4<LI>Call Chain = CCP_Start
</UL>
<BR>[Called By]<UL><LI><a href="#[47]">&gt;&gt;</a>&nbsp;&nbsp;&nbsp;RGB_GetColorBuffPoint
<LI><a href="#[28]">&gt;&gt;</a>&nbsp;&nbsp;&nbsp;CCP_Init_Config
</UL>

<P><STRONG><a name="[26]"></a>CCP_Stop</STRONG> (Thumb, 60 bytes, Stack size 4 bytes, ccp.o(.text.CCP_Stop))
<BR><BR>[Stack]<UL><LI>Max Depth = 4<LI>Call Chain = CCP_Stop
</UL>
<BR>[Called By]<UL><LI><a href="#[c]">&gt;&gt;</a>&nbsp;&nbsp;&nbsp;CCP_IRQHandler
</UL>

<P><STRONG><a name="[29]"></a>CGC_PER11PeriphClockCmd</STRONG> (Thumb, 44 bytes, Stack size 8 bytes, cgc.o(.text.CGC_PER11PeriphClockCmd))
<BR><BR>[Stack]<UL><LI>Max Depth = 8<LI>Call Chain = CGC_PER11PeriphClockCmd
</UL>
<BR>[Called By]<UL><LI><a href="#[28]">&gt;&gt;</a>&nbsp;&nbsp;&nbsp;CCP_Init_Config
<LI><a href="#[4f]">&gt;&gt;</a>&nbsp;&nbsp;&nbsp;TIMER0_Init_Config
<LI><a href="#[33]">&gt;&gt;</a>&nbsp;&nbsp;&nbsp;EPWM_Init_Config
</UL>

<P><STRONG><a name="[4b]"></a>CLK_GetHocoFreq</STRONG> (Thumb, 216 bytes, Stack size 16 bytes, system_cms32m67xx.o(.text.CLK_GetHocoFreq))
<BR><BR>[Stack]<UL><LI>Max Depth = 16<LI>Call Chain = CLK_GetHocoFreq
</UL>
<BR>[Called By]<UL><LI><a href="#[1f]">&gt;&gt;</a>&nbsp;&nbsp;&nbsp;SystemInit
</UL>

<P><STRONG><a name="[3c]"></a>EPWM_AllBrakeDisable</STRONG> (Thumb, 24 bytes, Stack size 0 bytes, epwm.o(.text.EPWM_AllBrakeDisable))
<BR><BR>[Called By]<UL><LI><a href="#[33]">&gt;&gt;</a>&nbsp;&nbsp;&nbsp;EPWM_Init_Config
</UL>

<P><STRONG><a name="[35]"></a>EPWM_ConfigChannelClk</STRONG> (Thumb, 56 bytes, Stack size 8 bytes, epwm.o(.text.EPWM_ConfigChannelClk))
<BR><BR>[Stack]<UL><LI>Max Depth = 8<LI>Call Chain = EPWM_ConfigChannelClk
</UL>
<BR>[Called By]<UL><LI><a href="#[33]">&gt;&gt;</a>&nbsp;&nbsp;&nbsp;EPWM_Init_Config
</UL>

<P><STRONG><a name="[36]"></a>EPWM_ConfigChannelPeriod</STRONG> (Thumb, 48 bytes, Stack size 8 bytes, epwm.o(.text.EPWM_ConfigChannelPeriod))
<BR><BR>[Stack]<UL><LI>Max Depth = 8<LI>Call Chain = EPWM_ConfigChannelPeriod
</UL>
<BR>[Called By]<UL><LI><a href="#[33]">&gt;&gt;</a>&nbsp;&nbsp;&nbsp;EPWM_Init_Config
</UL>

<P><STRONG><a name="[37]"></a>EPWM_ConfigChannelSymDuty</STRONG> (Thumb, 76 bytes, Stack size 20 bytes, epwm.o(.text.EPWM_ConfigChannelSymDuty))
<BR><BR>[Stack]<UL><LI>Max Depth = 20<LI>Call Chain = EPWM_ConfigChannelSymDuty
</UL>
<BR>[Called By]<UL><LI><a href="#[33]">&gt;&gt;</a>&nbsp;&nbsp;&nbsp;EPWM_Init_Config
</UL>

<P><STRONG><a name="[3b]"></a>EPWM_ConfigLoadAndIntMode</STRONG> (Thumb, 56 bytes, Stack size 8 bytes, epwm.o(.text.EPWM_ConfigLoadAndIntMode))
<BR><BR>[Stack]<UL><LI>Max Depth = 8<LI>Call Chain = EPWM_ConfigLoadAndIntMode
</UL>
<BR>[Called By]<UL><LI><a href="#[33]">&gt;&gt;</a>&nbsp;&nbsp;&nbsp;EPWM_Init_Config
</UL>

<P><STRONG><a name="[34]"></a>EPWM_ConfigRunMode</STRONG> (Thumb, 40 bytes, Stack size 4 bytes, epwm.o(.text.EPWM_ConfigRunMode))
<BR><BR>[Stack]<UL><LI>Max Depth = 4<LI>Call Chain = EPWM_ConfigRunMode
</UL>
<BR>[Called By]<UL><LI><a href="#[33]">&gt;&gt;</a>&nbsp;&nbsp;&nbsp;EPWM_Init_Config
</UL>

<P><STRONG><a name="[38]"></a>EPWM_DisableDeadZone</STRONG> (Thumb, 136 bytes, Stack size 4 bytes, epwm.o(.text.EPWM_DisableDeadZone))
<BR><BR>[Stack]<UL><LI>Max Depth = 4<LI>Call Chain = EPWM_DisableDeadZone
</UL>
<BR>[Called By]<UL><LI><a href="#[33]">&gt;&gt;</a>&nbsp;&nbsp;&nbsp;EPWM_Init_Config
</UL>

<P><STRONG><a name="[39]"></a>EPWM_DisableReverseOutput</STRONG> (Thumb, 32 bytes, Stack size 4 bytes, epwm.o(.text.EPWM_DisableReverseOutput))
<BR><BR>[Stack]<UL><LI>Max Depth = 4<LI>Call Chain = EPWM_DisableReverseOutput
</UL>
<BR>[Called By]<UL><LI><a href="#[33]">&gt;&gt;</a>&nbsp;&nbsp;&nbsp;EPWM_Init_Config
</UL>

<P><STRONG><a name="[3a]"></a>EPWM_EnableAutoLoadMode</STRONG> (Thumb, 28 bytes, Stack size 4 bytes, epwm.o(.text.EPWM_EnableAutoLoadMode))
<BR><BR>[Stack]<UL><LI>Max Depth = 4<LI>Call Chain = EPWM_EnableAutoLoadMode
</UL>
<BR>[Called By]<UL><LI><a href="#[33]">&gt;&gt;</a>&nbsp;&nbsp;&nbsp;EPWM_Init_Config
</UL>

<P><STRONG><a name="[3e]"></a>EPWM_EnableOutput</STRONG> (Thumb, 28 bytes, Stack size 4 bytes, epwm.o(.text.EPWM_EnableOutput))
<BR><BR>[Stack]<UL><LI>Max Depth = 4<LI>Call Chain = EPWM_EnableOutput
</UL>
<BR>[Called By]<UL><LI><a href="#[33]">&gt;&gt;</a>&nbsp;&nbsp;&nbsp;EPWM_Init_Config
</UL>

<P><STRONG><a name="[33]"></a>EPWM_Init_Config</STRONG> (Thumb, 400 bytes, Stack size 56 bytes, ym_epwm.o(.text.EPWM_Init_Config))
<BR><BR>[Stack]<UL><LI>Max Depth = 92<LI>Call Chain = EPWM_Init_Config &rArr; GPIO_Init
</UL>
<BR>[Calls]<UL><LI><a href="#[3f]">&gt;&gt;</a>&nbsp;&nbsp;&nbsp;EPWM_Start
<LI><a href="#[3e]">&gt;&gt;</a>&nbsp;&nbsp;&nbsp;EPWM_EnableOutput
<LI><a href="#[3c]">&gt;&gt;</a>&nbsp;&nbsp;&nbsp;EPWM_AllBrakeDisable
<LI><a href="#[3b]">&gt;&gt;</a>&nbsp;&nbsp;&nbsp;EPWM_ConfigLoadAndIntMode
<LI><a href="#[3a]">&gt;&gt;</a>&nbsp;&nbsp;&nbsp;EPWM_EnableAutoLoadMode
<LI><a href="#[39]">&gt;&gt;</a>&nbsp;&nbsp;&nbsp;EPWM_DisableReverseOutput
<LI><a href="#[38]">&gt;&gt;</a>&nbsp;&nbsp;&nbsp;EPWM_DisableDeadZone
<LI><a href="#[37]">&gt;&gt;</a>&nbsp;&nbsp;&nbsp;EPWM_ConfigChannelSymDuty
<LI><a href="#[36]">&gt;&gt;</a>&nbsp;&nbsp;&nbsp;EPWM_ConfigChannelPeriod
<LI><a href="#[35]">&gt;&gt;</a>&nbsp;&nbsp;&nbsp;EPWM_ConfigChannelClk
<LI><a href="#[34]">&gt;&gt;</a>&nbsp;&nbsp;&nbsp;EPWM_ConfigRunMode
<LI><a href="#[3d]">&gt;&gt;</a>&nbsp;&nbsp;&nbsp;GPIO_Init
<LI><a href="#[29]">&gt;&gt;</a>&nbsp;&nbsp;&nbsp;CGC_PER11PeriphClockCmd
</UL>
<BR>[Called By]<UL><LI><a href="#[1e]">&gt;&gt;</a>&nbsp;&nbsp;&nbsp;main
</UL>

<P><STRONG><a name="[3f]"></a>EPWM_Start</STRONG> (Thumb, 28 bytes, Stack size 4 bytes, epwm.o(.text.EPWM_Start))
<BR><BR>[Stack]<UL><LI>Max Depth = 4<LI>Call Chain = EPWM_Start
</UL>
<BR>[Called By]<UL><LI><a href="#[33]">&gt;&gt;</a>&nbsp;&nbsp;&nbsp;EPWM_Init_Config
</UL>

<P><STRONG><a name="[3d]"></a>GPIO_Init</STRONG> (Thumb, 444 bytes, Stack size 36 bytes, gpio.o(.text.GPIO_Init))
<BR><BR>[Stack]<UL><LI>Max Depth = 36<LI>Call Chain = GPIO_Init
</UL>
<BR>[Called By]<UL><LI><a href="#[42]">&gt;&gt;</a>&nbsp;&nbsp;&nbsp;KEY_Init_Config
<LI><a href="#[48]">&gt;&gt;</a>&nbsp;&nbsp;&nbsp;RGB_Init_Config
<LI><a href="#[40]">&gt;&gt;</a>&nbsp;&nbsp;&nbsp;GPIO_Init_Config
<LI><a href="#[43]">&gt;&gt;</a>&nbsp;&nbsp;&nbsp;LED_Init_Config
<LI><a href="#[33]">&gt;&gt;</a>&nbsp;&nbsp;&nbsp;EPWM_Init_Config
<LI><a href="#[55]">&gt;&gt;</a>&nbsp;&nbsp;&nbsp;Touch_Init_Config
</UL>

<P><STRONG><a name="[40]"></a>GPIO_Init_Config</STRONG> (Thumb, 30 bytes, Stack size 16 bytes, ym_gpio.o(.text.GPIO_Init_Config))
<BR><BR>[Stack]<UL><LI>Max Depth = 52<LI>Call Chain = GPIO_Init_Config &rArr; GPIO_Init
</UL>
<BR>[Calls]<UL><LI><a href="#[41]">&gt;&gt;</a>&nbsp;&nbsp;&nbsp;PORT_SetBit
<LI><a href="#[3d]">&gt;&gt;</a>&nbsp;&nbsp;&nbsp;GPIO_Init
</UL>
<BR>[Called By]<UL><LI><a href="#[1e]">&gt;&gt;</a>&nbsp;&nbsp;&nbsp;main
</UL>

<P><STRONG><a name="[2]"></a>HardFault_Handler</STRONG> (Thumb, 4 bytes, Stack size 0 bytes, system_cms32m67xx.o(.text.HardFault_Handler))
<BR>[Address Reference Count : 1]<UL><LI> startup_cms32m67xx.o(RESET)
</UL>
<P><STRONG><a name="[42]"></a>KEY_Init_Config</STRONG> (Thumb, 30 bytes, Stack size 16 bytes, ym_gpio.o(.text.KEY_Init_Config))
<BR><BR>[Stack]<UL><LI>Max Depth = 52<LI>Call Chain = KEY_Init_Config &rArr; GPIO_Init
</UL>
<BR>[Calls]<UL><LI><a href="#[3d]">&gt;&gt;</a>&nbsp;&nbsp;&nbsp;GPIO_Init
</UL>
<BR>[Called By]<UL><LI><a href="#[1e]">&gt;&gt;</a>&nbsp;&nbsp;&nbsp;main
</UL>

<P><STRONG><a name="[43]"></a>LED_Init_Config</STRONG> (Thumb, 110 bytes, Stack size 32 bytes, ym_gpio.o(.text.LED_Init_Config))
<BR><BR>[Stack]<UL><LI>Max Depth = 68<LI>Call Chain = LED_Init_Config &rArr; GPIO_Init
</UL>
<BR>[Calls]<UL><LI><a href="#[41]">&gt;&gt;</a>&nbsp;&nbsp;&nbsp;PORT_SetBit
<LI><a href="#[3d]">&gt;&gt;</a>&nbsp;&nbsp;&nbsp;GPIO_Init
</UL>
<BR>[Called By]<UL><LI><a href="#[1e]">&gt;&gt;</a>&nbsp;&nbsp;&nbsp;main
</UL>

<P><STRONG><a name="[6]"></a>LVI_IRQHandler</STRONG> (Thumb, 10 bytes, Stack size 8 bytes, system_cms32m67xx.o(.text.LVI_IRQHandler))
<BR><BR>[Stack]<UL><LI>Max Depth = 12<LI>Call Chain = LVI_IRQHandler &rArr; __NVIC_ClearPendingIRQ
</UL>
<BR>[Calls]<UL><LI><a href="#[44]">&gt;&gt;</a>&nbsp;&nbsp;&nbsp;__NVIC_ClearPendingIRQ
</UL>
<BR>[Address Reference Count : 1]<UL><LI> startup_cms32m67xx.o(RESET)
</UL>
<P><STRONG><a name="[41]"></a>PORT_SetBit</STRONG> (Thumb, 36 bytes, Stack size 12 bytes, gpio.o(.text.PORT_SetBit))
<BR><BR>[Stack]<UL><LI>Max Depth = 12<LI>Call Chain = PORT_SetBit
</UL>
<BR>[Called By]<UL><LI><a href="#[40]">&gt;&gt;</a>&nbsp;&nbsp;&nbsp;GPIO_Init_Config
<LI><a href="#[43]">&gt;&gt;</a>&nbsp;&nbsp;&nbsp;LED_Init_Config
</UL>

<P><STRONG><a name="[47]"></a>RGB_GetColorBuffPoint</STRONG> (Thumb, 112 bytes, Stack size 24 bytes, ym_rgb.o(.text.RGB_GetColorBuffPoint))
<BR><BR>[Stack]<UL><LI>Max Depth = 28<LI>Call Chain = RGB_GetColorBuffPoint &rArr; CCP_Start
</UL>
<BR>[Calls]<UL><LI><a href="#[32]">&gt;&gt;</a>&nbsp;&nbsp;&nbsp;CCP_Start
<LI><a href="#[31]">&gt;&gt;</a>&nbsp;&nbsp;&nbsp;CCP_EnableRun
</UL>
<BR>[Called By]<UL><LI><a href="#[45]">&gt;&gt;</a>&nbsp;&nbsp;&nbsp;RGB_DataInit
<LI><a href="#[1e]">&gt;&gt;</a>&nbsp;&nbsp;&nbsp;main
</UL>

<P><STRONG><a name="[48]"></a>RGB_Init_Config</STRONG> (Thumb, 32 bytes, Stack size 8 bytes, ym_rgb.o(.text.RGB_Init_Config))
<BR><BR>[Stack]<UL><LI>Max Depth = 84<LI>Call Chain = RGB_Init_Config &rArr; RGB_DataInit &rArr; getCamplarBuff
</UL>
<BR>[Calls]<UL><LI><a href="#[3d]">&gt;&gt;</a>&nbsp;&nbsp;&nbsp;GPIO_Init
<LI><a href="#[45]">&gt;&gt;</a>&nbsp;&nbsp;&nbsp;RGB_DataInit
</UL>
<BR>[Called By]<UL><LI><a href="#[1e]">&gt;&gt;</a>&nbsp;&nbsp;&nbsp;main
</UL>

<P><STRONG><a name="[5]"></a>SysTick_Handler</STRONG> (Thumb, 24 bytes, Stack size 0 bytes, bsp_systick.o(.text.SysTick_Handler))
<BR>[Address Reference Count : 1]<UL><LI> startup_cms32m67xx.o(RESET)
</UL>
<P><STRONG><a name="[1f]"></a>SystemInit</STRONG> (Thumb, 108 bytes, Stack size 16 bytes, system_cms32m67xx.o(.text.SystemInit))
<BR><BR>[Stack]<UL><LI>Max Depth = 32<LI>Call Chain = SystemInit &rArr; CLK_GetHocoFreq
</UL>
<BR>[Calls]<UL><LI><a href="#[4b]">&gt;&gt;</a>&nbsp;&nbsp;&nbsp;CLK_GetHocoFreq
</UL>
<BR>[Address Reference Count : 1]<UL><LI> startup_cms32m67xx.o(.text)
</UL>
<P><STRONG><a name="[4c]"></a>Systick_Init_Config</STRONG> (Thumb, 20 bytes, Stack size 8 bytes, bsp_systick.o(.text.Systick_Init_Config))
<BR><BR>[Stack]<UL><LI>Max Depth = 56<LI>Call Chain = Systick_Init_Config &rArr; SysTick_Config &rArr; __NVIC_SetPriority
</UL>
<BR>[Calls]<UL><LI><a href="#[49]">&gt;&gt;</a>&nbsp;&nbsp;&nbsp;SysTick_Config
</UL>
<BR>[Called By]<UL><LI><a href="#[1e]">&gt;&gt;</a>&nbsp;&nbsp;&nbsp;main
</UL>

<P><STRONG><a name="[14]"></a>TIMER0_IRQHandler</STRONG> (Thumb, 24 bytes, Stack size 8 bytes, ym_timer.o(.text.TIMER0_IRQHandler))
<BR><BR>[Stack]<UL><LI>Max Depth = 12<LI>Call Chain = TIMER0_IRQHandler &rArr; TMR_ClearOverflowIntFlag
</UL>
<BR>[Calls]<UL><LI><a href="#[4e]">&gt;&gt;</a>&nbsp;&nbsp;&nbsp;TMR_ClearOverflowIntFlag
<LI><a href="#[4d]">&gt;&gt;</a>&nbsp;&nbsp;&nbsp;TMR_GetOverflowIntFlag
</UL>
<BR>[Address Reference Count : 1]<UL><LI> startup_cms32m67xx.o(RESET)
</UL>
<P><STRONG><a name="[4f]"></a>TIMER0_Init_Config</STRONG> (Thumb, 60 bytes, Stack size 16 bytes, ym_timer.o(.text.TIMER0_Init_Config))
<BR><BR>[Stack]<UL><LI>Max Depth = 28<LI>Call Chain = TIMER0_Init_Config &rArr; TMR_ConfigRunMode
</UL>
<BR>[Calls]<UL><LI><a href="#[54]">&gt;&gt;</a>&nbsp;&nbsp;&nbsp;TMR_Start
<LI><a href="#[53]">&gt;&gt;</a>&nbsp;&nbsp;&nbsp;TMR_SetPeriod
<LI><a href="#[52]">&gt;&gt;</a>&nbsp;&nbsp;&nbsp;TMR_DisableOneShotMode
<LI><a href="#[51]">&gt;&gt;</a>&nbsp;&nbsp;&nbsp;TMR_ConfigRunMode
<LI><a href="#[50]">&gt;&gt;</a>&nbsp;&nbsp;&nbsp;TMR_ConfigClk
<LI><a href="#[29]">&gt;&gt;</a>&nbsp;&nbsp;&nbsp;CGC_PER11PeriphClockCmd
</UL>
<BR>[Called By]<UL><LI><a href="#[1e]">&gt;&gt;</a>&nbsp;&nbsp;&nbsp;main
</UL>

<P><STRONG><a name="[4e]"></a>TMR_ClearOverflowIntFlag</STRONG> (Thumb, 16 bytes, Stack size 4 bytes, timer.o(.text.TMR_ClearOverflowIntFlag))
<BR><BR>[Stack]<UL><LI>Max Depth = 4<LI>Call Chain = TMR_ClearOverflowIntFlag
</UL>
<BR>[Called By]<UL><LI><a href="#[14]">&gt;&gt;</a>&nbsp;&nbsp;&nbsp;TIMER0_IRQHandler
</UL>

<P><STRONG><a name="[50]"></a>TMR_ConfigClk</STRONG> (Thumb, 30 bytes, Stack size 8 bytes, timer.o(.text.TMR_ConfigClk))
<BR><BR>[Stack]<UL><LI>Max Depth = 8<LI>Call Chain = TMR_ConfigClk
</UL>
<BR>[Called By]<UL><LI><a href="#[4f]">&gt;&gt;</a>&nbsp;&nbsp;&nbsp;TIMER0_Init_Config
</UL>

<P><STRONG><a name="[51]"></a>TMR_ConfigRunMode</STRONG> (Thumb, 36 bytes, Stack size 12 bytes, timer.o(.text.TMR_ConfigRunMode))
<BR><BR>[Stack]<UL><LI>Max Depth = 12<LI>Call Chain = TMR_ConfigRunMode
</UL>
<BR>[Called By]<UL><LI><a href="#[4f]">&gt;&gt;</a>&nbsp;&nbsp;&nbsp;TIMER0_Init_Config
</UL>

<P><STRONG><a name="[52]"></a>TMR_DisableOneShotMode</STRONG> (Thumb, 18 bytes, Stack size 4 bytes, timer.o(.text.TMR_DisableOneShotMode))
<BR><BR>[Stack]<UL><LI>Max Depth = 4<LI>Call Chain = TMR_DisableOneShotMode
</UL>
<BR>[Called By]<UL><LI><a href="#[4f]">&gt;&gt;</a>&nbsp;&nbsp;&nbsp;TIMER0_Init_Config
</UL>

<P><STRONG><a name="[4d]"></a>TMR_GetOverflowIntFlag</STRONG> (Thumb, 16 bytes, Stack size 4 bytes, timer.o(.text.TMR_GetOverflowIntFlag))
<BR><BR>[Stack]<UL><LI>Max Depth = 4<LI>Call Chain = TMR_GetOverflowIntFlag
</UL>
<BR>[Called By]<UL><LI><a href="#[14]">&gt;&gt;</a>&nbsp;&nbsp;&nbsp;TIMER0_IRQHandler
</UL>

<P><STRONG><a name="[53]"></a>TMR_SetPeriod</STRONG> (Thumb, 16 bytes, Stack size 8 bytes, timer.o(.text.TMR_SetPeriod))
<BR><BR>[Stack]<UL><LI>Max Depth = 8<LI>Call Chain = TMR_SetPeriod
</UL>
<BR>[Called By]<UL><LI><a href="#[4f]">&gt;&gt;</a>&nbsp;&nbsp;&nbsp;TIMER0_Init_Config
</UL>

<P><STRONG><a name="[54]"></a>TMR_Start</STRONG> (Thumb, 18 bytes, Stack size 4 bytes, timer.o(.text.TMR_Start))
<BR><BR>[Stack]<UL><LI>Max Depth = 4<LI>Call Chain = TMR_Start
</UL>
<BR>[Called By]<UL><LI><a href="#[4f]">&gt;&gt;</a>&nbsp;&nbsp;&nbsp;TIMER0_Init_Config
</UL>

<P><STRONG><a name="[55]"></a>Touch_Init_Config</STRONG> (Thumb, 14 bytes, Stack size 8 bytes, ym_gpio.o(.text.Touch_Init_Config))
<BR><BR>[Stack]<UL><LI>Max Depth = 44<LI>Call Chain = Touch_Init_Config &rArr; GPIO_Init
</UL>
<BR>[Calls]<UL><LI><a href="#[3d]">&gt;&gt;</a>&nbsp;&nbsp;&nbsp;GPIO_Init
</UL>
<BR>[Called By]<UL><LI><a href="#[1e]">&gt;&gt;</a>&nbsp;&nbsp;&nbsp;main
</UL>

<P><STRONG><a name="[1e]"></a>main</STRONG> (Thumb, 88 bytes, Stack size 16 bytes, main.o(.text.main))
<BR><BR>[Stack]<UL><LI>Max Depth = 108<LI>Call Chain = main &rArr; EPWM_Init_Config &rArr; GPIO_Init
</UL>
<BR>[Calls]<UL><LI><a href="#[47]">&gt;&gt;</a>&nbsp;&nbsp;&nbsp;RGB_GetColorBuffPoint
<LI><a href="#[4c]">&gt;&gt;</a>&nbsp;&nbsp;&nbsp;Systick_Init_Config
<LI><a href="#[28]">&gt;&gt;</a>&nbsp;&nbsp;&nbsp;CCP_Init_Config
<LI><a href="#[4f]">&gt;&gt;</a>&nbsp;&nbsp;&nbsp;TIMER0_Init_Config
<LI><a href="#[42]">&gt;&gt;</a>&nbsp;&nbsp;&nbsp;KEY_Init_Config
<LI><a href="#[48]">&gt;&gt;</a>&nbsp;&nbsp;&nbsp;RGB_Init_Config
<LI><a href="#[40]">&gt;&gt;</a>&nbsp;&nbsp;&nbsp;GPIO_Init_Config
<LI><a href="#[43]">&gt;&gt;</a>&nbsp;&nbsp;&nbsp;LED_Init_Config
<LI><a href="#[33]">&gt;&gt;</a>&nbsp;&nbsp;&nbsp;EPWM_Init_Config
<LI><a href="#[55]">&gt;&gt;</a>&nbsp;&nbsp;&nbsp;Touch_Init_Config
</UL>
<BR>[Address Reference Count : 1]<UL><LI> entry9a.o(.ARM.Collect$$$$0000000B)
</UL>
<P><STRONG><a name="[5d]"></a>__scatterload_copy</STRONG> (Thumb, 14 bytes, Stack size unknown bytes, handlers.o(i.__scatterload_copy), UNUSED)

<P><STRONG><a name="[5e]"></a>__scatterload_null</STRONG> (Thumb, 2 bytes, Stack size unknown bytes, handlers.o(i.__scatterload_null), UNUSED)

<P><STRONG><a name="[5f]"></a>__scatterload_zeroinit</STRONG> (Thumb, 14 bytes, Stack size unknown bytes, handlers.o(i.__scatterload_zeroinit), UNUSED)
<P>
<H3>
Local Symbols
</H3>
<P><STRONG><a name="[2f]"></a>__NVIC_SetPriority</STRONG> (Thumb, 124 bytes, Stack size 24 bytes, ym_ccp.o(.text.__NVIC_SetPriority))
<BR><BR>[Stack]<UL><LI>Max Depth = 24<LI>Call Chain = __NVIC_SetPriority
</UL>
<BR>[Called By]<UL><LI><a href="#[28]">&gt;&gt;</a>&nbsp;&nbsp;&nbsp;CCP_Init_Config
</UL>

<P><STRONG><a name="[30]"></a>__NVIC_EnableIRQ</STRONG> (Thumb, 40 bytes, Stack size 4 bytes, ym_ccp.o(.text.__NVIC_EnableIRQ))
<BR><BR>[Stack]<UL><LI>Max Depth = 4<LI>Call Chain = __NVIC_EnableIRQ
</UL>
<BR>[Called By]<UL><LI><a href="#[28]">&gt;&gt;</a>&nbsp;&nbsp;&nbsp;CCP_Init_Config
</UL>

<P><STRONG><a name="[45]"></a>RGB_DataInit</STRONG> (Thumb, 62 bytes, Stack size 16 bytes, ym_rgb.o(.text.RGB_DataInit))
<BR><BR>[Stack]<UL><LI>Max Depth = 76<LI>Call Chain = RGB_DataInit &rArr; getCamplarBuff
</UL>
<BR>[Calls]<UL><LI><a href="#[46]">&gt;&gt;</a>&nbsp;&nbsp;&nbsp;getCamplarBuff
<LI><a href="#[47]">&gt;&gt;</a>&nbsp;&nbsp;&nbsp;RGB_GetColorBuffPoint
</UL>
<BR>[Called By]<UL><LI><a href="#[48]">&gt;&gt;</a>&nbsp;&nbsp;&nbsp;RGB_Init_Config
</UL>

<P><STRONG><a name="[46]"></a>getCamplarBuff</STRONG> (Thumb, 300 bytes, Stack size 60 bytes, ym_rgb.o(.text.getCamplarBuff))
<BR><BR>[Stack]<UL><LI>Max Depth = 60<LI>Call Chain = getCamplarBuff
</UL>
<BR>[Called By]<UL><LI><a href="#[45]">&gt;&gt;</a>&nbsp;&nbsp;&nbsp;RGB_DataInit
</UL>

<P><STRONG><a name="[49]"></a>SysTick_Config</STRONG> (Thumb, 68 bytes, Stack size 24 bytes, bsp_systick.o(.text.SysTick_Config))
<BR><BR>[Stack]<UL><LI>Max Depth = 48<LI>Call Chain = SysTick_Config &rArr; __NVIC_SetPriority
</UL>
<BR>[Calls]<UL><LI><a href="#[4a]">&gt;&gt;</a>&nbsp;&nbsp;&nbsp;__NVIC_SetPriority
</UL>
<BR>[Called By]<UL><LI><a href="#[4c]">&gt;&gt;</a>&nbsp;&nbsp;&nbsp;Systick_Init_Config
</UL>

<P><STRONG><a name="[4a]"></a>__NVIC_SetPriority</STRONG> (Thumb, 124 bytes, Stack size 24 bytes, bsp_systick.o(.text.__NVIC_SetPriority))
<BR><BR>[Stack]<UL><LI>Max Depth = 24<LI>Call Chain = __NVIC_SetPriority
</UL>
<BR>[Called By]<UL><LI><a href="#[49]">&gt;&gt;</a>&nbsp;&nbsp;&nbsp;SysTick_Config
</UL>

<P><STRONG><a name="[44]"></a>__NVIC_ClearPendingIRQ</STRONG> (Thumb, 40 bytes, Stack size 4 bytes, system_cms32m67xx.o(.text.__NVIC_ClearPendingIRQ))
<BR><BR>[Stack]<UL><LI>Max Depth = 4<LI>Call Chain = __NVIC_ClearPendingIRQ
</UL>
<BR>[Called By]<UL><LI><a href="#[6]">&gt;&gt;</a>&nbsp;&nbsp;&nbsp;LVI_IRQHandler
</UL>
<P>
<H3>
Undefined Global Symbols
</H3><HR></body></html>
